[trexy247xd.itch.io/elderland.html]
[img.itch.zone/aW1nLzg2NjIyMDQuanBn/32x32#/uPm7r1.jpg]
[backblue.gif]
[fade.gif]
[index.html]
[static.itch.io/game2e6b.css]
[static.itch.io/lib2e6b.js]
[static.itch.io/bundle.min2e6b.js]
[static.itch.io/lib/jquery.maskMoney.js]
[static.itch.io/game.min2e6b.js]
[www.google-analytics.com/analytics.js]
[img.itch.zone/aW1nLzg2NjIyNDUuanBn/original/nHq4sL.jpg]
[img.itch.zone/aW1nLzg2NjIyNjIuanBn/original/1bRd/J.jpg]
[cdn.cloudflare.steamstatic.com/steam/apps/1413660/extras/skill_textb5d0.png]
[cdn.cloudflare.steamstatic.com/steam/apps/1413660/extras/Shakna_Fightb5d0.gif]
[cdn.cloudflare.steamstatic.com/steam/apps/1413660/extras/treasure_textb5d0.png]
[cdn.cloudflare.steamstatic.com/steam/apps/1413660/extras/kandor-gif-steamb5d0.gif]
[cdn.cloudflare.steamstatic.com/steam/apps/1413660/extras/explore_textb5d0.png]
[cdn.cloudflare.steamstatic.com/steam/apps/1413660/extras/11explorationb5d0.gif]
[cdn.cloudflare.steamstatic.com/steam/apps/1413660/extras/upgradeb5d0.png]
[cdn.cloudflare.steamstatic.com/steam/apps/1413660/extras/Level_up_Gifb5d0.gif]
[img.itch.zone/aW1hZ2UvMTQ4NTUyOS84NjYyMjExLmpwZw==/original/y7QmZ8.jpg]
[img.itch.zone/aW1hZ2UvMTQ4NTUyOS84NjYyMjExLmpwZw==/347x500/pLEaMa.jpg]
[img.itch.zone/aW1hZ2UvMTQ4NTUyOS84NjYyMjEzLmpwZw==/original/cJp5Wu.jpg]
[img.itch.zone/aW1hZ2UvMTQ4NTUyOS84NjYyMjEzLmpwZw==/347x500/cd7nlk.jpg]
[img.itch.zone/aW1hZ2UvMTQ4NTUyOS84NjYyMjE0LmpwZw==/original/G03Z/R.jpg]
[img.itch.zone/aW1hZ2UvMTQ4NTUyOS84NjYyMjE0LmpwZw==/347x500/+ZWA3m.jpg]
[img.itch.zone/aW1hZ2UvMTQ4NTUyOS84NjYyMjEyLmpwZw==/original/qMHg8w.jpg]
[img.itch.zone/aW1hZ2UvMTQ4NTUyOS84NjYyMjEyLmpwZw==/347x500/QswPZw.jpg]
[img.itch.zone/aW1hZ2UvMTQ4NTUyOS84NjYyMjE1LmpwZw==/original/RBgl5p.jpg]
[img.itch.zone/aW1hZ2UvMTQ4NTUyOS84NjYyMjE1LmpwZw==/347x500/Z0bU3d.jpg]
[img.itch.zone/aW1hZ2UvMTQ4NTUyOS84NjYyMjE5LmpwZw==/original/jMOC4C.jpg]
[img.itch.zone/aW1hZ2UvMTQ4NTUyOS84NjYyMjE5LmpwZw==/347x500/rCu/7g.jpg]
[img.itch.zone/aW1hZ2UvMTQ4NTUyOS84NjYyMjE2LmpwZw==/original/kYZKpR.jpg]
[img.itch.zone/aW1hZ2UvMTQ4NTUyOS84NjYyMjE2LmpwZw==/347x500/zNeNXl.jpg]
[img.itch.zone/aW1hZ2UvMTQ4NTUyOS84NjYyMjE3LmpwZw==/original/U4PiPh.jpg]
[img.itch.zone/aW1hZ2UvMTQ4NTUyOS84NjYyMjE3LmpwZw==/347x500/1AcWc7.jpg]
[img.itch.zone/aW1hZ2UvMTQ4NTUyOS84NjYyMjE4LmpwZw==/original/3nusPI.jpg]
[img.itch.zone/aW1hZ2UvMTQ4NTUyOS84NjYyMjE4LmpwZw==/347x500/Zck2vE.jpg]
[img.itch.zone/aW1hZ2UvMTQ4NTUyOS84NjYyMjIwLmpwZw==/original/XJ1RJ8.jpg]
[img.itch.zone/aW1hZ2UvMTQ4NTUyOS84NjYyMjIwLmpwZw==/347x500/O5oaNo.jpg]
[trexy247xd.itch.io/elderland.html]
[static.itch.io/fonts/lato-v14-latin-regular.woff2]
[static.itch.io/fonts/lato-v14-latin-regular.woff]
[static.itch.io/fonts/lato-v14-latin-italic.woff2]
[static.itch.io/fonts/lato-v14-latin-italic.woff]
[static.itch.io/fonts/lato-v14-latin-700.woff2]
[static.itch.io/fonts/lato-v14-latin-700.woff]
[static.itch.io/fonts/lato-v14-latin-900.woff2]
[static.itch.io/fonts/lato-v14-latin-900.woff]
[static.itch.io/fonts/Lato-Regular.woff2]
[static.itch.io/fonts/Lato-Regular.woff]
[static.itch.io/fonts/Lato-Italic.woff2]
[static.itch.io/fonts/Lato-Italic.woff]
[static.itch.io/fonts/Lato-Bold.woff2]
[static.itch.io/fonts/Lato-Bold.woff]
[static.itch.io/fonts/Lato-Black.woff2]
[static.itch.io/fonts/Lato-Black.woff]
[static.itch.io/images/loader.gif]
[static.itch.io/images/loader-dark.gif]
[static.itch.io/images/loader-huge.gif]
[static.itch.io/images/cc-loader.gif]
[static.itch.io/images/play_icon.svg]
[static.itch.io/images/youtube_icon.svg]
[static.itch.io/images/twitch_logo.svg]
[static.itch.io/images/loading.svg]
[static.itch.io/images/popup-tick-right.png]
[static.itch.io/images/popup-tick-left.png]
[static.itch.io/fonts/04b03.eot]
[static.itch.io/fonts/04b03d41d.eot]
[static.itch.io/fonts/04b03.woff2]
[static.itch.io/fonts/04b03.woff]
[static.itch.io/fonts/04b03.ttf]
[static.itch.io/lib/farbtastic/wheel.png]
[static.itch.io/lib/farbtastic/mask.png]
[static.itch.io/lib/farbtastic/marker.png]
[static.itch.io/images/logo-white-new.svg]
[static.itch.io/images/snowrepeat.svg]
[static.itch.io/images/logo-black-new.svg]
[static.itch.io/images/logo-white-new-halloweenc81e.svg]
[static.itch.io/images/itchio-textless-black.svg]
[static.itch.io/images/itchio-textless-white.svg]
[static.itch.io/images/logo-textless-white-holiday.svg]
[static.itch.io/images/itchio-textless-white-halloweenc81e.svg]
[static.itch.io/icons/fonts/icomoon053c.eot]
[static.itch.io/icons/fonts/icomoon053c.ttf]
[static.itch.io/icons/fonts/icomoon053c.woff]
[static.itch.io/game2e6b.css]
[static.itch.io/lib2e6b.js]
[static.itch.io/icons/fonts/icomoon053c.svg]
[www.google.com/recaptcha/apie757.js]
[connect.facebook.net/en_GB/sdk.js]
[platform.twitter.com/widgets.js]
[trexy247xd.itch.io/ca.57.delayed]
[trexy247xd.itch.io/POST]
[static.itch.io/bundle.min2e6b.js]
[static.itch.io/lib/jquery.maskMoney.js]
[pagead2.googlesyndication.com/pagead/js/f.txt]
[static.itch.io/game.min2e6b.js]
[trexy247xd.itch.io/index.html]
[static.itch.io/images/play_icon.svg]
[static.itch.io/images/youtube_icon.svg]
[static.itch.io/images/twitch_logo.svg]
[static.itch.io/images/loading.svg]
[static.itch.io/images/logo-white-new.svg]
[static.itch.io/home/leafo/snowrepeat.png]
[static.itch.io/images/snowrepeat.svg]
[static.itch.io/images/logo-black-new.svg]
[static.itch.io/images/logo-white-new-halloweenc81e.svg]
[static.itch.io/images/itchio-textless-black.svg]
[static.itch.io/images/itchio-textless-white.svg]
[static.itch.io/images/logo-textless-white-holiday.svg]
[static.itch.io/images/itchio-textless-white-halloweenc81e.svg]
[static.itch.io/icons/fonts/icomoon053c.svg]
[connect.facebook.net/en_GB/sdk.js]
[trexy247xd.itch.io/ca.html]
[trexy247xd.itch.io/POST.html]
[static.itch.io/home/leafo/snowrepeat.html]
